python : 2025-03-24 19:46:28,397 - INFO - DÚmarrage du test 
de workflow
Au caractère Ligne:1 : 1
+ python test_workflow.py > test_log.txt 2>&1
+ ~~~~~~~~~~~~~~~~~~~~~~~~~~~~~~~~~~~~~~~~~~~
    + CategoryInfo          : NotSpecified: (2025-03-24 19:4 
   ...est de workflow:String) [], RemoteException
    + FullyQualifiedErrorId : NativeCommandError
 
2025-03-24 19:46:28,397 - INFO - Test des importations...
2025-03-24 19:46:32,112 - ERROR - Erreur lors du test: 
cannot import name 'plot_classification_map' from 
'modules.visualize' (D:\UQTR\Hiver 
2025\TÚlÚdÚtection\TP3\Classification 
supervisÚe\Classification project\modules\visualize.py)
2025-03-24 19:46:32,113 - ERROR - Traceback (most recent 
call last):
  File "D:\UQTR\Hiver 2025\TÚlÚdÚtection\TP3\Classification 
supervisÚe\Classification project\test_workflow.py", line 
27, in main
    from modules.visualize import plot_classification_map
ImportError: cannot import name 'plot_classification_map' 
from 'modules.visualize' (D:\UQTR\Hiver 
2025\TÚlÚdÚtection\TP3\Classification 
supervisÚe\Classification project\modules\visualize.py)

